ab                                                                              
1;0
ab                                                                              
cd                                                                              
1;2
ab                                                                              
cd                                                                              
1;1
