abc                                                                             
def0                                                                            
ghi                                                                             
1;2
abc                                                                             
def0                                                                            
ghi                                                                             
0;2
abc                                                                             
def0                                                                            
ghi                                                                             
1;2
abc                                                                             
def0                                                                            
ghi                                                                             
2;2
