abcd                                                                            
xyz                                                                             
1;0
abcd                                                                            
xyz                                                                             
1;1
abcd                                                                            
xyz                                                                             
1;2
abcd                                                                            
xyz                                                                             
0;2
abcd                                                                            
xyz                                                                             
0;3
abcd                                                                            
xyz                                                                             
0;0
abcd                                                                            
xyz                                                                             
1;0
