ab                                                                              
CD                                                                              
1;0
ab                                                                              
XCD                                                                             
1;1
ab                                                                              
X                                                                               
CD                                                                              
2;0
ab                                                                              
X                                                                               
CD                                                                              
1;1
ab                                                                              
CD                                                                              
0;2
