body                                                                            
23;1
body                                                                            
23;49
body                                                                            
0;1
body                                                                            
23;48
body                                                                            
0;2
body                                                                            
23;1
body                                                                            
0;0
 body                                                                           
23;3
