AdBC                                                                            
0;2
BC                                                                              
0;0
BC                                                                              
0;0
XYBC                                                                            
0;2
XYBC                                                                            
0;1
YBC                                                                             
0;0
YBC                                                                             
0;0
